\BOOKMARK [0][-]{section*.1}{\376\377\000R\000e\000s\000u\000m\000e\000n}{}% 1
\BOOKMARK [0][-]{chapter.1}{\376\377\000I\000n\000t\000r\000o\000d\000u\000c\000c\000i\000\363\000n\000\040\000g\000e\000n\000e\000r\000a\000l}{}% 2
\BOOKMARK [1][-]{section.1.1}{\376\377\000C\000o\000n\000t\000e\000x\000t\000o\000\040\000d\000e\000\040\000l\000a\000\040\000b\000a\000n\000c\000a\000\040\000m\000\363\000v\000i\000l}{chapter.1}% 3
\BOOKMARK [1][-]{section.1.2}{\376\377\000E\000s\000t\000a\000d\000o\000\040\000d\000e\000l\000\040\000a\000r\000t\000e}{chapter.1}% 4
\BOOKMARK [1][-]{section.1.3}{\376\377\000O\000b\000j\000e\000t\000i\000v\000o\000s\000\040\000y\000\040\000a\000l\000c\000a\000n\000c\000e}{chapter.1}% 5
\BOOKMARK [2][-]{subsection.1.3.1}{\376\377\000A\000l\000c\000a\000n\000c\000e\000\040\000y\000\040\000l\000i\000m\000i\000t\000a\000c\000i\000o\000n\000e\000s}{section.1.3}% 6
\BOOKMARK [1][-]{section.1.4}{\376\377\000M\000o\000t\000i\000v\000a\000c\000i\000\363\000n\000:\000\040\000a\000c\000c\000e\000s\000i\000b\000i\000l\000i\000d\000a\000d\000\040\000e\000\040\000i\000n\000c\000l\000u\000s\000i\000\363\000n}{chapter.1}% 7
\BOOKMARK [0][-]{chapter.2}{\376\377\000I\000n\000t\000r\000o\000d\000u\000c\000c\000i\000\363\000n\000\040\000e\000s\000p\000e\000c\000\355\000f\000i\000c\000a}{}% 8
\BOOKMARK [1][-]{section.2.1}{\376\377\000M\000a\000r\000c\000o\000\040\000m\000e\000t\000o\000d\000o\000l\000\363\000g\000i\000c\000o}{chapter.2}% 9
\BOOKMARK [1][-]{section.2.2}{\376\377\000H\000e\000r\000r\000a\000m\000i\000e\000n\000t\000a\000s\000\040\000u\000t\000i\000l\000i\000z\000a\000d\000a\000s}{chapter.2}% 10
\BOOKMARK [1][-]{section.2.3}{\376\377\000R\000e\000q\000u\000e\000r\000i\000m\000i\000e\000n\000t\000o\000s\000\040\000y\000\040\000m\000o\000d\000e\000l\000o\000s\000\040\000d\000e\000\040\000I\000A\000\040\000u\000t\000i\000l\000i\000z\000a\000d\000o\000s}{chapter.2}% 11
\BOOKMARK [1][-]{section.2.4}{\376\377\000E\000x\000p\000l\000o\000r\000a\000c\000i\000\363\000n\000\040\000t\000e\000\363\000r\000i\000c\000a\000\040\000d\000e\000\040\000a\000r\000q\000u\000i\000t\000e\000c\000t\000u\000r\000a\000s\000\040\000e\000v\000a\000l\000u\000a\000d\000a\000s}{chapter.2}% 12
\BOOKMARK [0][-]{chapter.3}{\376\377\000D\000i\000s\000e\000\361\000o\000\040\000e\000\040\000i\000m\000p\000l\000e\000m\000e\000n\000t\000a\000c\000i\000\363\000n}{}% 13
\BOOKMARK [1][-]{section.3.1}{\376\377\000A\000r\000q\000u\000i\000t\000e\000c\000t\000u\000r\000a\000\040\000d\000e\000l\000\040\000s\000i\000s\000t\000e\000m\000a}{chapter.3}% 14
\BOOKMARK [1][-]{section.3.2}{\376\377\000T\000r\000a\000t\000a\000m\000i\000e\000n\000t\000o\000\040\000y\000\040\000p\000r\000e\000p\000a\000r\000a\000c\000i\000\363\000n\000\040\000d\000e\000\040\000d\000a\000t\000o\000s}{chapter.3}% 15
\BOOKMARK [2][-]{subsection.3.2.1}{\376\377\000C\000r\000e\000a\000c\000i\000\363\000n\000\040\000d\000e\000\040\000p\000l\000a\000n\000t\000i\000l\000l\000a\000s\000\040\000d\000e\000\040\000c\000o\000m\000a\000n\000d\000o\000s\000\040\000y\000\040\000a\000u\000m\000e\000n\000t\000a\000c\000i\000\363\000n\000\040\000d\000e\000\040\000d\000a\000t\000o\000s}{section.3.2}% 16
\BOOKMARK [2][-]{subsection.3.2.2}{\376\377\000C\000o\000m\000p\000o\000s\000i\000c\000i\000\363\000n\000\040\000y\000\040\000d\000i\000s\000t\000r\000i\000b\000u\000c\000i\000\363\000n\000\040\000d\000e\000l\000\040\000c\000o\000r\000p\000u\000s}{section.3.2}% 17
\BOOKMARK [2][-]{subsection.3.2.3}{\376\377\000M\000o\000d\000e\000l\000o\000\040\000d\000e\000\040\000d\000a\000t\000o\000s}{section.3.2}% 18
\BOOKMARK [1][-]{section.3.3}{\376\377\000M\000o\000d\000e\000l\000o\000s\000\040\000d\000e\000\040\000i\000n\000t\000e\000l\000i\000g\000e\000n\000c\000i\000a\000\040\000a\000r\000t\000i\000f\000i\000c\000i\000a\000l}{chapter.3}% 19
\BOOKMARK [2][-]{subsection.3.3.1}{\376\377\000J\000u\000s\000t\000i\000f\000i\000c\000a\000c\000i\000\363\000n\000\040\000d\000e\000\040\000l\000a\000\040\000s\000e\000l\000e\000c\000c\000i\000\363\000n\000\040\000a\000l\000g\000o\000r\000\355\000t\000m\000i\000c\000a}{section.3.3}% 20
\BOOKMARK [2][-]{subsection.3.3.2}{\376\377\000C\000l\000a\000s\000i\000f\000i\000c\000a\000d\000o\000r\000\040\000d\000e\000\040\000i\000n\000t\000e\000n\000c\000i\000o\000n\000e\000s\000:\000\040\000M\000a\000x\000i\000m\000u\000m\000\040\000E\000n\000t\000r\000o\000p\000y\000\040\000\050\000M\000a\000x\000E\000n\000t\000\051}{section.3.3}% 21
\BOOKMARK [3][-]{section*.12}{\376\377\000C\000o\000n\000f\000i\000g\000u\000r\000a\000c\000i\000\363\000n\000\040\000d\000e\000l\000\040\000c\000l\000a\000s\000i\000f\000i\000c\000a\000d\000o\000r\000\040\000e\000n\000\040\000C\000r\000e\000a\000t\000e\000\040\000M\000L}{subsection.3.3.2}% 22
\BOOKMARK [3][-]{section*.13}{\376\377\000U\000m\000b\000r\000a\000l\000\040\000d\000e\000\040\000c\000o\000n\000f\000i\000a\000n\000z\000a}{subsection.3.3.2}% 23
\BOOKMARK [2][-]{subsection.3.3.3}{\376\377\000E\000x\000t\000r\000a\000c\000t\000o\000r\000\040\000d\000e\000\040\000e\000n\000t\000i\000d\000a\000d\000e\000s\000:\000\040\000C\000o\000n\000d\000i\000t\000i\000o\000n\000a\000l\000\040\000R\000a\000n\000d\000o\000m\000\040\000F\000i\000e\000l\000d\000\040\000\050\000C\000R\000F\000\051}{section.3.3}% 24
\BOOKMARK [3][-]{section*.14}{\376\377\000C\000o\000n\000f\000i\000g\000u\000r\000a\000c\000i\000\363\000n\000\040\000d\000e\000l\000\040\000e\000x\000t\000r\000a\000c\000t\000o\000r\000\040\000e\000n\000\040\000C\000r\000e\000a\000t\000e\000\040\000M\000L}{subsection.3.3.3}% 25
\BOOKMARK [3][-]{section*.15}{\376\377\000I\000m\000p\000a\000c\000t\000o\000\040\000e\000n\000\040\000l\000a\000\040\000l\000a\000t\000e\000n\000c\000i\000a\000\040\000d\000e\000\040\000i\000n\000f\000e\000r\000e\000n\000c\000i\000a}{subsection.3.3.3}% 26
\BOOKMARK [2][-]{subsection.3.3.4}{\376\377\000E\000s\000q\000u\000e\000m\000a\000\040\000d\000e\000\040\000a\000n\000o\000t\000a\000c\000i\000\363\000n\000\040\000a\000d\000o\000p\000t\000a\000d\000o}{section.3.3}% 27
\BOOKMARK [2][-]{subsection.3.3.5}{\376\377\000P\000r\000o\000c\000e\000s\000o\000\040\000d\000e\000\040\000e\000n\000t\000r\000e\000n\000a\000m\000i\000e\000n\000t\000o}{section.3.3}% 28
\BOOKMARK [3][-]{section*.17}{\376\377\000E\000n\000t\000r\000e\000n\000a\000m\000i\000e\000n\000t\000o\000\040\000d\000e\000l\000\040\000c\000l\000a\000s\000i\000f\000i\000c\000a\000d\000o\000r\000\040\000d\000e\000\040\000i\000n\000t\000e\000n\000c\000i\000o\000n\000e\000s}{subsection.3.3.5}% 29
\BOOKMARK [3][-]{section*.18}{\376\377\000E\000n\000t\000r\000e\000n\000a\000m\000i\000e\000n\000t\000o\000\040\000d\000e\000l\000\040\000e\000x\000t\000r\000a\000c\000t\000o\000r\000\040\000d\000e\000\040\000e\000n\000t\000i\000d\000a\000d\000e\000s}{subsection.3.3.5}% 30
\BOOKMARK [3][-]{section*.19}{\376\377\000I\000n\000t\000e\000g\000r\000a\000c\000i\000\363\000n\000\040\000d\000e\000\040\000m\000o\000d\000e\000l\000o\000s\000\040\000e\000n\000\040\000e\000l\000\040\000p\000r\000o\000y\000e\000c\000t\000o}{subsection.3.3.5}% 31
\BOOKMARK [2][-]{subsection.3.3.6}{\376\377\000P\000r\000e\000p\000r\000o\000c\000e\000s\000a\000m\000i\000e\000n\000t\000o\000:\000\040\000n\000o\000r\000m\000a\000l\000i\000z\000a\000c\000i\000\363\000n\000\040\000U\000n\000i\000c\000o\000d\000e}{section.3.3}% 32
\BOOKMARK [2][-]{subsection.3.3.7}{\376\377\000M\000e\000c\000a\000n\000i\000s\000m\000o\000\040\000d\000e\000\040\000i\000n\000f\000e\000r\000e\000n\000c\000i\000a\000\040\000d\000e\000\040\000m\000o\000n\000e\000d\000a}{section.3.3}% 33
\BOOKMARK [1][-]{section.3.4}{\376\377\000D\000e\000s\000a\000r\000r\000o\000l\000l\000o\000\040\000d\000e\000l\000\040\000S\000D\000K\000\040\000\050\000A\000u\000r\000u\000m\000\051}{chapter.3}% 34
\BOOKMARK [2][-]{subsection.3.4.1}{\376\377\000C\000l\000a\000s\000e\000\040\000f\000a\000c\000h\000a\000d\000a\000:\000\040\000A\000u\000r\000u\000m\000E\000n\000g\000i\000n\000e}{section.3.4}% 35
\BOOKMARK [2][-]{subsection.3.4.2}{\376\377\000C\000a\000p\000t\000u\000r\000a\000\040\000d\000e\000\040\000a\000u\000d\000i\000o\000:\000\040\000A\000u\000d\000i\000o\000C\000a\000p\000t\000u\000r\000e\000M\000a\000n\000a\000g\000e\000r}{section.3.4}% 36
\BOOKMARK [2][-]{subsection.3.4.3}{\376\377\000R\000e\000c\000o\000n\000o\000c\000i\000m\000i\000e\000n\000t\000o\000\040\000d\000e\000\040\000v\000o\000z\000:\000\040\000S\000p\000e\000e\000c\000h\000R\000e\000c\000o\000g\000n\000i\000z\000e\000r}{section.3.4}% 37
\BOOKMARK [2][-]{subsection.3.4.4}{\376\377\000N\000o\000r\000m\000a\000l\000i\000z\000a\000c\000i\000\363\000n\000\040\000d\000e\000\040\000t\000e\000x\000t\000o\000:\000\040\000T\000e\000x\000t\000N\000o\000r\000m\000a\000l\000i\000z\000e\000r}{section.3.4}% 38
\BOOKMARK [2][-]{subsection.3.4.5}{\376\377\000P\000r\000o\000c\000e\000s\000a\000m\000i\000e\000n\000t\000o\000\040\000N\000L\000U\000:\000\040\000N\000L\000U\000P\000r\000o\000c\000e\000s\000s\000o\000r}{section.3.4}% 39
\BOOKMARK [2][-]{subsection.3.4.6}{\376\377\000M\000o\000d\000e\000l\000o\000\040\000d\000e\000\040\000d\000a\000t\000o\000s\000:\000\040\000T\000r\000a\000n\000s\000a\000c\000t\000i\000o\000n\000P\000a\000y\000l\000o\000a\000d}{section.3.4}% 40
\BOOKMARK [2][-]{subsection.3.4.7}{\376\377\000A\000P\000I\000\040\000p\000\372\000b\000l\000i\000c\000a\000\040\000y\000\040\000c\000o\000m\000u\000n\000i\000c\000a\000c\000i\000\363\000n\000\040\000a\000s\000\355\000n\000c\000r\000o\000n\000a}{section.3.4}% 41
\BOOKMARK [2][-]{subsection.3.4.8}{\376\377\000G\000e\000s\000t\000i\000\363\000n\000\040\000d\000e\000\040\000e\000r\000r\000o\000r\000e\000s\000:\000\040\000A\000u\000r\000u\000m\000E\000r\000r\000o\000r}{section.3.4}% 42
\BOOKMARK [1][-]{section.3.5}{\376\377\000D\000e\000s\000a\000r\000r\000o\000l\000l\000o\000\040\000d\000e\000\040\000l\000a\000\040\000a\000p\000l\000i\000c\000a\000c\000i\000\363\000n\000\040\000b\000a\000s\000e}{chapter.3}% 43
\BOOKMARK [2][-]{subsection.3.5.1}{\376\377\000A\000r\000q\000u\000i\000t\000e\000c\000t\000u\000r\000a\000\040\000M\000V\000V\000M\000\040\000y\000\040\000f\000l\000u\000j\000o\000\040\000d\000e\000\040\000e\000s\000t\000a\000d\000o\000s}{section.3.5}% 44
\BOOKMARK [2][-]{subsection.3.5.2}{\376\377\000I\000n\000t\000e\000g\000r\000a\000c\000i\000\363\000n\000\040\000c\000o\000n\000\040\000e\000l\000\040\000S\000D\000K\000\040\000A\000u\000r\000u\000m}{section.3.5}% 45
\BOOKMARK [2][-]{subsection.3.5.3}{\376\377\000C\000a\000p\000a\000\040\000d\000e\000\040\000p\000r\000e\000s\000e\000n\000t\000a\000c\000i\000\363\000n\000\040\000\050\000S\000w\000i\000f\000t\000U\000I\000\051}{section.3.5}% 46
\BOOKMARK [2][-]{subsection.3.5.4}{\376\377\000G\000e\000s\000t\000i\000\363\000n\000\040\000d\000e\000\040\000p\000e\000r\000m\000i\000s\000o\000s\000\040\000y\000\040\000p\000r\000i\000v\000a\000c\000i\000d\000a\000d}{section.3.5}% 47
\BOOKMARK [2][-]{subsection.3.5.5}{\376\377\000F\000l\000u\000j\000o\000\040\000d\000e\000\040\000i\000n\000t\000e\000r\000a\000c\000c\000i\000\363\000n\000\040\000d\000e\000l\000\040\000u\000s\000u\000a\000r\000i\000o}{section.3.5}% 48
\BOOKMARK [0][-]{chapter.4}{\376\377\000E\000n\000s\000a\000y\000o\000s\000\040\000y\000\040\000r\000e\000s\000u\000l\000t\000a\000d\000o\000s}{}% 49
\BOOKMARK [1][-]{section.4.1}{\376\377\000D\000e\000s\000e\000m\000p\000e\000\361\000o\000\040\000d\000e\000l\000\040\000m\000o\000d\000e\000l\000o}{chapter.4}% 50
\BOOKMARK [2][-]{subsection.4.1.1}{\376\377\000C\000l\000a\000s\000i\000f\000i\000c\000a\000d\000o\000r\000\040\000d\000e\000\040\000i\000n\000t\000e\000n\000c\000i\000o\000n\000e\000s\000\040\000\050\000M\000a\000x\000E\000n\000t\000\051}{section.4.1}% 51
\BOOKMARK [2][-]{subsection.4.1.2}{\376\377\000E\000x\000t\000r\000a\000c\000t\000o\000r\000\040\000d\000e\000\040\000e\000n\000t\000i\000d\000a\000d\000e\000s\000\040\000\050\000C\000R\000F\000\051}{section.4.1}% 52
\BOOKMARK [3][-]{section*.26}{\376\377\000M\000\351\000t\000r\000i\000c\000a\000s\000\040\000a\000\040\000n\000i\000v\000e\000l\000\040\000d\000e\000\040\000t\000o\000k\000e\000n}{subsection.4.1.2}% 53
\BOOKMARK [3][-]{section*.28}{\376\377\000M\000\351\000t\000r\000i\000c\000a\000s\000\040\000a\000\040\000n\000i\000v\000e\000l\000\040\000d\000e\000\040\000e\000n\000t\000i\000d\000a\000d}{subsection.4.1.2}% 54
\BOOKMARK [1][-]{section.4.2}{\376\377\000E\000n\000s\000a\000y\000o\000\040\000d\000e\000\040\000m\000o\000d\000e\000l\000o\000s}{chapter.4}% 55
\BOOKMARK [2][-]{subsection.4.2.1}{\376\377\000E\000v\000a\000l\000u\000a\000c\000i\000\363\000n\000\040\000d\000e\000\040\000r\000o\000b\000u\000s\000t\000e\000z\000\040\000l\000i\000n\000g\000\374\000\355\000s\000t\000i\000c\000a}{section.4.2}% 56
\BOOKMARK [2][-]{subsection.4.2.2}{\376\377\000B\000e\000n\000c\000h\000m\000a\000r\000k\000\040\000d\000e\000\040\000l\000a\000t\000e\000n\000c\000i\000a\000\040\000d\000e\000\040\000i\000n\000f\000e\000r\000e\000n\000c\000i\000a}{section.4.2}% 57
\BOOKMARK [2][-]{subsection.4.2.3}{\376\377\000H\000u\000e\000l\000l\000a\000\040\000d\000e\000\040\000a\000l\000m\000a\000c\000e\000n\000a\000m\000i\000e\000n\000t\000o\000\040\000d\000e\000l\000\040\000S\000D\000K}{section.4.2}% 58
\BOOKMARK [1][-]{section.4.3}{\376\377\000P\000r\000u\000e\000b\000a\000s\000\040\000d\000e\000\040\000u\000s\000a\000b\000i\000l\000i\000d\000a\000d}{chapter.4}% 59
\BOOKMARK [2][-]{subsection.4.3.1}{\376\377\000P\000r\000o\000t\000o\000c\000o\000l\000o\000\040\000d\000e\000\040\000e\000v\000a\000l\000u\000a\000c\000i\000\363\000n}{section.4.3}% 60
\BOOKMARK [2][-]{subsection.4.3.2}{\376\377\000R\000e\000s\000u\000l\000t\000a\000d\000o\000s\000\040\000d\000e\000\040\000u\000s\000a\000b\000i\000l\000i\000d\000a\000d}{section.4.3}% 61
\BOOKMARK [1][-]{section.4.4}{\376\377\000A\000n\000\341\000l\000i\000s\000i\000s\000\040\000d\000e\000\040\000r\000e\000s\000u\000l\000t\000a\000d\000o\000s}{chapter.4}% 62
\BOOKMARK [2][-]{subsection.4.4.1}{\376\377\000V\000a\000l\000i\000d\000a\000c\000i\000\363\000n\000\040\000d\000e\000\040\000l\000a\000\040\000h\000i\000p\000\363\000t\000e\000s\000i\000s\000\040\000c\000e\000n\000t\000r\000a\000l}{section.4.4}% 63
\BOOKMARK [2][-]{subsection.4.4.2}{\376\377\000C\000o\000m\000p\000a\000r\000a\000c\000i\000\363\000n\000\040\000c\000o\000n\000\040\000a\000r\000q\000u\000i\000t\000e\000c\000t\000u\000r\000a\000s\000\040\000a\000l\000t\000e\000r\000n\000a\000t\000i\000v\000a\000s}{section.4.4}% 64
\BOOKMARK [2][-]{subsection.4.4.3}{\376\377\000R\000o\000l\000\040\000d\000e\000l\000\040\000T\000e\000x\000t\000N\000o\000r\000m\000a\000l\000i\000z\000e\000r}{section.4.4}% 65
\BOOKMARK [2][-]{subsection.4.4.4}{\376\377\000L\000i\000m\000i\000t\000a\000c\000i\000o\000n\000e\000s\000\040\000d\000e\000l\000\040\000e\000s\000t\000u\000d\000i\000o}{section.4.4}% 66
\BOOKMARK [2][-]{subsection.4.4.5}{\376\377\000C\000o\000n\000e\000x\000i\000\363\000n\000\040\000c\000o\000n\000\040\000C\000R\000I\000S\000P\000-\000D\000M}{section.4.4}% 67
\BOOKMARK [0][-]{chapter.5}{\376\377\000C\000o\000n\000c\000l\000u\000s\000i\000o\000n\000e\000s}{}% 68
\BOOKMARK [1][-]{section.5.1}{\376\377\000C\000o\000n\000c\000l\000u\000s\000i\000o\000n\000e\000s\000\040\000g\000e\000n\000e\000r\000a\000l\000e\000s}{chapter.5}% 69
\BOOKMARK [1][-]{section.5.2}{\376\377\000P\000r\000\363\000x\000i\000m\000o\000s\000\040\000p\000a\000s\000o\000s}{chapter.5}% 70
\BOOKMARK [0][-]{appendix*.43}{\376\377\000B\000i\000b\000l\000i\000o\000g\000r\000a\000f\000\355\000a}{}% 71
