This is pdfTeX, Version 3.141592653-2.6-1.40.27 (TeX Live 2025) (preloaded format=pdflatex 2025.8.26)  25 MAY 2026 19:14
entering extended mode
 restricted \write18 enabled.
 file:line:error style messages enabled.
 %&-line parsing enabled.
**memorianueva.tex
(./memorianueva.tex
LaTeX2e <2024-11-01> patch level 2
L3 programming layer <2025-01-18>
(./MastersDoctoralThesis.cls
Document Class: MastersDoctoralThesis 2016/03/25 v1.4 LaTeXTemplates.com
(/usr/local/texlive/2025/texmf-dist/tex/latex/etoolbox/etoolbox.sty
Package: etoolbox 2025/02/11 v2.5l e-TeX tools for LaTeX (JAW)
\etb@tempcnta=\count196
)
(/usr/local/texlive/2025/texmf-dist/tex/latex/l3packages/xparse/xparse.sty
(/usr/local/texlive/2025/texmf-dist/tex/latex/l3kernel/expl3.sty
Package: expl3 2025-01-18 L3 programming layer (loader) 

(/usr/local/texlive/2025/texmf-dist/tex/latex/l3backend/l3backend-pdftex.def
File: l3backend-pdftex.def 2024-05-08 L3 backend support: PDF output (pdfTeX)
\l__color_backend_stack_int=\count197
\l__pdf_internal_box=\box52
))
Package: xparse 2024-08-16 L3 Experimental document command parser
) (/usr/local/texlive/2025/texmf-dist/tex/latex/base/book.cls
Document Class: book 2024/06/29 v1.4n Standard LaTeX document class
(/usr/local/texlive/2025/texmf-dist/tex/latex/base/bk11.clo
File: bk11.clo 2024/06/29 v1.4n Standard LaTeX file (size option)
)
\c@part=\count198
\c@chapter=\count199
\c@section=\count266
\c@subsection=\count267
\c@subsubsection=\count268
\c@paragraph=\count269
\c@subparagraph=\count270
\c@figure=\count271
\c@table=\count272
\abovecaptionskip=\skip49
\belowcaptionskip=\skip50
\bibindent=\dimen141
)
(/usr/local/texlive/2025/texmf-dist/tex/latex/parskip/parskip.sty
Package: parskip 2021-03-14 v2.0h non-zero parskip adjustments

(/usr/local/texlive/2025/texmf-dist/tex/latex/kvoptions/kvoptions.sty
Package: kvoptions 2022-06-15 v3.15 Key value format for package options (HO)

(/usr/local/texlive/2025/texmf-dist/tex/latex/graphics/keyval.sty
Package: keyval 2022/05/29 v1.15 key=value parser (DPC)
\KV@toks@=\toks17
)
(/usr/local/texlive/2025/texmf-dist/tex/generic/ltxcmds/ltxcmds.sty
Package: ltxcmds 2023-12-04 v1.26 LaTeX kernel commands for general use (HO)
)
(/usr/local/texlive/2025/texmf-dist/tex/latex/kvsetkeys/kvsetkeys.sty
Package: kvsetkeys 2022-10-05 v1.19 Key value parser (HO)
)))
(/usr/local/texlive/2025/texmf-dist/tex/generic/babel/babel.sty
Package: babel 2025/02/14 v25.4 The multilingual framework for pdfLaTeX, LuaLaT
eX and XeLaTeX
\babel@savecnt=\count273
\U@D=\dimen142
\l@unhyphenated=\language90

(/usr/local/texlive/2025/texmf-dist/tex/generic/babel/txtbabel.def)
\bbl@readstream=\read2
\bbl@dirlevel=\count274

(/usr/local/texlive/2025/texmf-dist/tex/generic/babel-spanish/spanish.ldf
Language: spanish.ldf 2021/05/27 v5.0q Spanish support from the babel system
\es@quottoks=\toks18
\es@quotdepth=\count275
Package babel Info: Making " an active character on input line 570.
Package babel Info: Making . an active character on input line 675.
Package babel Info: Making < an active character on input line 722.
Package babel Info: Making > an active character on input line 722.
))
(/usr/local/texlive/2025/texmf-dist/tex/generic/babel/locale/es/babel-spanish.t
ex
Package babel Info: Importing font and identification data for spanish
(babel)             from babel-es.ini. Reported on input line 11.
) (/usr/local/texlive/2025/texmf-dist/tex/latex/koma-script/scrbase.sty
Package: scrbase 2024/10/24 v3.43 KOMA-Script package (KOMA-Script-independent 
basics and keyval usage)

(/usr/local/texlive/2025/texmf-dist/tex/latex/koma-script/scrlfile.sty
Package: scrlfile 2024/10/24 v3.43 KOMA-Script package (file load hooks)

(/usr/local/texlive/2025/texmf-dist/tex/latex/koma-script/scrlfile-hook.sty
Package: scrlfile-hook 2024/10/24 v3.43 KOMA-Script package (using LaTeX hooks)


(/usr/local/texlive/2025/texmf-dist/tex/latex/koma-script/scrlogo.sty
Package: scrlogo 2024/10/24 v3.43 KOMA-Script package (logo)
)))
Applying: [2021/05/01] Usage of raw or classic option list on input line 254.
Already applied: [0000/00/00] Usage of raw or classic option list on input line
 370.
)
(/usr/local/texlive/2025/texmf-dist/tex/latex/scrhack/scrhack.sty
Package: scrhack 2024-09-04 v3.42 scrhack emulation package
)
(/usr/local/texlive/2025/texmf-dist/tex/latex/setspace/setspace.sty
Package: setspace 2022/12/04 v6.7b set line spacing
)
(/usr/local/texlive/2025/texmf-dist/tex/latex/setspaceenhanced/setspaceenhanced
.sty
Package: setspaceenhanced 2024-11-12 v1.04 improved setspace package
) (/usr/local/texlive/2025/texmf-dist/tex/latex/tools/longtable.sty
Package: longtable 2024-10-27 v4.22 Multi-page Table package (DPC)
\LTleft=\skip51
\LTright=\skip52
\LTpre=\skip53
\LTpost=\skip54
\LTchunksize=\count276
\LTcapwidth=\dimen143
\LT@head=\box53
\LT@firsthead=\box54
\LT@foot=\box55
\LT@lastfoot=\box56
\LT@gbox=\box57
\LT@cols=\count277
\LT@rows=\count278
\c@LT@tables=\count279
\c@LT@chunks=\count280
\LT@p@ftn=\toks19
)
(/usr/local/texlive/2025/texmf-dist/tex/latex/siunitx/siunitx.sty
Package: siunitx 2025-02-27 v3.4.6 A comprehensive (SI) units package
\l__siunitx_number_uncert_offset_int=\count281
\l__siunitx_number_exponent_fixed_int=\count282
\l__siunitx_number_min_decimal_int=\count283
\l__siunitx_number_min_integer_int=\count284
\l__siunitx_number_round_precision_int=\count285
\l__siunitx_number_lower_threshold_int=\count286
\l__siunitx_number_upper_threshold_int=\count287
\l__siunitx_number_group_first_int=\count288
\l__siunitx_number_group_size_int=\count289
\l__siunitx_number_group_minimum_int=\count290
\l__siunitx_angle_tmp_dim=\dimen144
\l__siunitx_angle_marker_box=\box58
\l__siunitx_angle_unit_box=\box59
\l__siunitx_compound_count_int=\count291

(/usr/local/texlive/2025/texmf-dist/tex/latex/translations/translations.sty
Package: translations 2022/02/05 v1.12 internationalization of LaTeX2e packages
 (CN)

(/usr/local/texlive/2025/texmf-dist/tex/generic/pdftexcmds/pdftexcmds.sty
Package: pdftexcmds 2020-06-27 v0.33 Utility functions of pdfTeX for LuaTeX (HO
)

(/usr/local/texlive/2025/texmf-dist/tex/generic/infwarerr/infwarerr.sty
Package: infwarerr 2019/12/03 v1.5 Providing info/warning/error messages (HO)
)
(/usr/local/texlive/2025/texmf-dist/tex/generic/iftex/iftex.sty
Package: iftex 2024/12/12 v1.0g TeX engine tests
)
Package pdftexcmds Info: \pdf@primitive is available.
Package pdftexcmds Info: \pdf@ifprimitive is available.
Package pdftexcmds Info: \pdfdraftmode found.
))
(/usr/local/texlive/2025/texmf-dist/tex/latex/amsmath/amstext.sty
Package: amstext 2021/08/26 v2.01 AMS text

(/usr/local/texlive/2025/texmf-dist/tex/latex/amsmath/amsgen.sty
File: amsgen.sty 1999/11/30 v2.0 generic functions
\@emptytoks=\toks20
\ex@=\dimen145
))
\l__siunitx_table_tmp_box=\box60
\l__siunitx_table_tmp_dim=\dimen146
\l__siunitx_table_column_width_dim=\dimen147
\l__siunitx_table_integer_box=\box61
\l__siunitx_table_decimal_box=\box62
\l__siunitx_table_uncert_box=\box63
\l__siunitx_table_before_box=\box64
\l__siunitx_table_after_box=\box65
\l__siunitx_table_before_dim=\dimen148
\l__siunitx_table_carry_dim=\dimen149
\l__siunitx_unit_tmp_int=\count292
\l__siunitx_unit_position_int=\count293
\l__siunitx_unit_total_int=\count294

(/usr/local/texlive/2025/texmf-dist/tex/latex/tools/array.sty
Package: array 2024/10/17 v2.6g Tabular extension package (FMi)
\col@sep=\dimen150
\ar@mcellbox=\box66
\extrarowheight=\dimen151
\NC@list=\toks21
\extratabsurround=\skip55
\backup@length=\skip56
\ar@cellbox=\box67
))
(/usr/local/texlive/2025/texmf-dist/tex/latex/graphics/graphicx.sty
Package: graphicx 2021/09/16 v1.2d Enhanced LaTeX Graphics (DPC,SPQR)

(/usr/local/texlive/2025/texmf-dist/tex/latex/graphics/graphics.sty
Package: graphics 2024/08/06 v1.4g Standard LaTeX Graphics (DPC,SPQR)

(/usr/local/texlive/2025/texmf-dist/tex/latex/graphics/trig.sty
Package: trig 2023/12/02 v1.11 sin cos tan (DPC)
)
(/usr/local/texlive/2025/texmf-dist/tex/latex/graphics-cfg/graphics.cfg
File: graphics.cfg 2016/06/04 v1.11 sample graphics configuration
)
Package graphics Info: Driver file: pdftex.def on input line 106.

(/usr/local/texlive/2025/texmf-dist/tex/latex/graphics-def/pdftex.def
File: pdftex.def 2024/04/13 v1.2c Graphics/color driver for pdftex
))
\Gin@req@height=\dimen152
\Gin@req@width=\dimen153
)
(/usr/local/texlive/2025/texmf-dist/tex/latex/booktabs/booktabs.sty
Package: booktabs 2020/01/12 v1.61803398 Publication quality tables
\heavyrulewidth=\dimen154
\lightrulewidth=\dimen155
\cmidrulewidth=\dimen156
\belowrulesep=\dimen157
\belowbottomsep=\dimen158
\aboverulesep=\dimen159
\abovetopsep=\dimen160
\cmidrulesep=\dimen161
\cmidrulekern=\dimen162
\defaultaddspace=\dimen163
\@cmidla=\count295
\@cmidlb=\count296
\@aboverulesep=\dimen164
\@belowrulesep=\dimen165
\@thisruleclass=\count297
\@lastruleclass=\count298
\@thisrulewidth=\dimen166
)
(/usr/local/texlive/2025/texmf-dist/tex/latex/caption/caption.sty
Package: caption 2023/08/05 v3.6o Customizing captions (AR)

(/usr/local/texlive/2025/texmf-dist/tex/latex/caption/caption3.sty
Package: caption3 2023/07/31 v2.4d caption3 kernel (AR)
\caption@tempdima=\dimen167
\captionmargin=\dimen168
\caption@leftmargin=\dimen169
\caption@rightmargin=\dimen170
\caption@width=\dimen171
\caption@indent=\dimen172
\caption@parindent=\dimen173
\caption@hangindent=\dimen174
Package caption Info: Standard document class detected.
)
\c@caption@flags=\count299
\c@continuedfloat=\count300
Package caption Info: longtable package is loaded.

(/usr/local/texlive/2025/texmf-dist/tex/latex/caption/ltcaption.sty
Package: ltcaption 2021/01/08 v1.4c longtable captions (AR)
))
(/usr/local/texlive/2025/texmf-dist/tex/latex/listings/listings.sty
\lst@mode=\count301
\lst@gtempboxa=\box68
\lst@token=\toks22
\lst@length=\count302
\lst@currlwidth=\dimen175
\lst@column=\count303
\lst@pos=\count304
\lst@lostspace=\dimen176
\lst@width=\dimen177
\lst@newlines=\count305
\lst@lineno=\count306
\lst@maxwidth=\dimen178

(/usr/local/texlive/2025/texmf-dist/tex/latex/listings/lstpatch.sty
File: lstpatch.sty 2024/09/23 1.10c (Carsten Heinz)
)
(/usr/local/texlive/2025/texmf-dist/tex/latex/listings/lstmisc.sty
File: lstmisc.sty 2024/09/23 1.10c (Carsten Heinz)
\c@lstnumber=\count307
\lst@skipnumbers=\count308
\lst@framebox=\box69
)
(/usr/local/texlive/2025/texmf-dist/tex/latex/listings/listings.cfg
File: listings.cfg 2024/09/23 1.10c listings configuration
))
Package: listings 2024/09/23 1.10c (Carsten Heinz)

(/usr/local/texlive/2025/texmf-dist/tex/latex/base/inputenc.sty
Package: inputenc 2024/02/08 v1.3d Input encoding file
\inpenc@prehook=\toks23
\inpenc@posthook=\toks24
)
(/usr/local/texlive/2025/texmf-dist/tex/latex/base/fontenc.sty
Package: fontenc 2021/04/29 v2.0v Standard LaTeX package
)
(/usr/local/texlive/2025/texmf-dist/tex/latex/psnfss/palatino.sty
Package: palatino 2020/03/25 PSNFSS-v9.3 (SPQR) 
)
(/usr/local/texlive/2025/texmf-dist/tex/latex/biblatex/biblatex.sty
Package: biblatex 2024/03/21 v3.20 programmable bibliographies (PK/MW)

(/usr/local/texlive/2025/texmf-dist/tex/latex/logreq/logreq.sty
Package: logreq 2010/08/04 v1.0 xml request logger
\lrq@indent=\count309

(/usr/local/texlive/2025/texmf-dist/tex/latex/logreq/logreq.def
File: logreq.def 2010/08/04 v1.0 logreq spec v1.0
))
(/usr/local/texlive/2025/texmf-dist/tex/latex/base/ifthen.sty
Package: ifthen 2024/03/16 v1.1e Standard LaTeX ifthen package (DPC)
)
(/usr/local/texlive/2025/texmf-dist/tex/latex/url/url.sty
\Urlmuskip=\muskip17
Package: url 2013/09/16  ver 3.4  Verb mode for urls, etc.
)
\c@tabx@nest=\count310
\c@listtotal=\count311
\c@listcount=\count312
\c@liststart=\count313
\c@liststop=\count314
\c@citecount=\count315
\c@citetotal=\count316
\c@multicitecount=\count317
\c@multicitetotal=\count318
\c@instcount=\count319
\c@maxnames=\count320
\c@minnames=\count321
\c@maxitems=\count322
\c@minitems=\count323
\c@citecounter=\count324
\c@maxcitecounter=\count325
\c@savedcitecounter=\count326
\c@uniquelist=\count327
\c@uniquename=\count328
\c@refsection=\count329
\c@refsegment=\count330
\c@maxextratitle=\count331
\c@maxextratitleyear=\count332
\c@maxextraname=\count333
\c@maxextradate=\count334
\c@maxextraalpha=\count335
\c@abbrvpenalty=\count336
\c@highnamepenalty=\count337
\c@lownamepenalty=\count338
\c@maxparens=\count339
\c@parenlevel=\count340
\blx@tempcnta=\count341
\blx@tempcntb=\count342
\blx@tempcntc=\count343
\c@blx@maxsection=\count344
\blx@maxsegment@0=\count345
\blx@notetype=\count346
\blx@parenlevel@text=\count347
\blx@parenlevel@foot=\count348
\blx@sectionciteorder@0=\count349
\blx@sectionciteorderinternal@0=\count350
\blx@entrysetcounter=\count351
\blx@biblioinstance=\count352
\labelnumberwidth=\skip57
\labelalphawidth=\skip58
\biblabelsep=\skip59
\bibitemsep=\skip60
\bibnamesep=\skip61
\bibinitsep=\skip62
\bibparsep=\skip63
\bibhang=\skip64
\blx@bcfin=\read3
\blx@bcfout=\write3
\blx@langwohyphens=\language91
\c@mincomprange=\count353
\c@maxcomprange=\count354
\c@mincompwidth=\count355
Package biblatex Info: Trying to load biblatex default data model...
Package biblatex Info: ... file 'blx-dm.def' found.

(/usr/local/texlive/2025/texmf-dist/tex/latex/biblatex/blx-dm.def
File: blx-dm.def 2024/03/21 v3.20 biblatex datamodel (PK/MW)
)
Package biblatex Info: Trying to load biblatex style data model...
Package biblatex Info: ... file 'numeric.dbx' not found.
Package biblatex Info: Trying to load biblatex custom data model...
Package biblatex Info: ... file 'biblatex-dm.cfg' not found.
\c@afterword=\count356
\c@savedafterword=\count357
\c@annotator=\count358
\c@savedannotator=\count359
\c@author=\count360
\c@savedauthor=\count361
\c@bookauthor=\count362
\c@savedbookauthor=\count363
\c@commentator=\count364
\c@savedcommentator=\count365
\c@editor=\count366
\c@savededitor=\count367
\c@editora=\count368
\c@savededitora=\count369
\c@editorb=\count370
\c@savededitorb=\count371
\c@editorc=\count372
\c@savededitorc=\count373
\c@foreword=\count374
\c@savedforeword=\count375
\c@holder=\count376
\c@savedholder=\count377
\c@introduction=\count378
\c@savedintroduction=\count379
\c@namea=\count380
\c@savednamea=\count381
\c@nameb=\count382
\c@savednameb=\count383
\c@namec=\count384
\c@savednamec=\count385
\c@translator=\count386
\c@savedtranslator=\count387
\c@shortauthor=\count388
\c@savedshortauthor=\count389
\c@shorteditor=\count390
\c@savedshorteditor=\count391
\c@labelname=\count392
\c@savedlabelname=\count393
\c@institution=\count394
\c@savedinstitution=\count395
\c@lista=\count396
\c@savedlista=\count397
\c@listb=\count398
\c@savedlistb=\count399
\c@listc=\count400
\c@savedlistc=\count401
\c@listd=\count402
\c@savedlistd=\count403
\c@liste=\count404
\c@savedliste=\count405
\c@listf=\count406
\c@savedlistf=\count407
\c@location=\count408
\c@savedlocation=\count409
\c@organization=\count410
\c@savedorganization=\count411
\c@origlocation=\count412
\c@savedoriglocation=\count413
\c@origpublisher=\count414
\c@savedorigpublisher=\count415
\c@publisher=\count416
\c@savedpublisher=\count417
\c@language=\count418
\c@savedlanguage=\count419
\c@origlanguage=\count420
\c@savedoriglanguage=\count421
\c@pageref=\count422
\c@savedpageref=\count423
\shorthandwidth=\skip65
\shortjournalwidth=\skip66
\shortserieswidth=\skip67
\shorttitlewidth=\skip68
\shortauthorwidth=\skip69
\shorteditorwidth=\skip70
\locallabelnumberwidth=\skip71
\locallabelalphawidth=\skip72
\localshorthandwidth=\skip73
\localshortjournalwidth=\skip74
\localshortserieswidth=\skip75
\localshorttitlewidth=\skip76
\localshortauthorwidth=\skip77
\localshorteditorwidth=\skip78
Package biblatex Info: Trying to load compatibility code...
Package biblatex Info: ... file 'blx-compat.def' found.

(/usr/local/texlive/2025/texmf-dist/tex/latex/biblatex/blx-compat.def
File: blx-compat.def 2024/03/21 v3.20 biblatex compatibility (PK/MW)
)
Package biblatex Info: Trying to load BibTeX backend compatibility...
Package biblatex Info: ... file 'blx-bibtex.def' found.

(/usr/local/texlive/2025/texmf-dist/tex/latex/biblatex/blx-bibtex.def
File: blx-bibtex.def 2024/03/21 v3.20 biblatex compatibility (PK/MW)


Package biblatex Warning: Using fall-back bibtex backend:
(biblatex)                functionality may be reduced/unavailable.

)
Package biblatex Info: Trying to load generic definitions...
Package biblatex Info: ... file 'biblatex.def' found.
 (/usr/local/texlive/2025/texmf-dist/tex/latex/biblatex/biblatex.def
File: biblatex.def 2024/03/21 v3.20 biblatex compatibility (PK/MW)
\c@textcitecount=\count424
\c@textcitetotal=\count425
\c@textcitemaxnames=\count426
\c@biburlbigbreakpenalty=\count427
\c@biburlbreakpenalty=\count428
\c@biburlnumpenalty=\count429
\c@biburlucpenalty=\count430
\c@biburllcpenalty=\count431
\biburlbigskip=\muskip18
\biburlnumskip=\muskip19
\biburlucskip=\muskip20
\biburllcskip=\muskip21
\c@smartand=\count432
)
Package biblatex Info: Trying to load natbib compatibility...
Package biblatex Info: ... file 'blx-natbib.def' found.

(/usr/local/texlive/2025/texmf-dist/tex/latex/biblatex/blx-natbib.def
File: blx-natbib.def 2024/03/21 v3.20 biblatex compatibility (PK/MW)
Package biblatex Info: Delimiter 'nameyeardelim' in context '' already defined,
 overwriting.
)
Package biblatex Info: Trying to load bibliography style 'numeric'...
Package biblatex Info: ... file 'numeric.bbx' found.

(/usr/local/texlive/2025/texmf-dist/tex/latex/biblatex/bbx/numeric.bbx
File: numeric.bbx 2024/03/21 v3.20 biblatex bibliography style (PK/MW)
Package biblatex Info: Trying to load bibliography style 'standard'...
Package biblatex Info: ... file 'standard.bbx' found.

(/usr/local/texlive/2025/texmf-dist/tex/latex/biblatex/bbx/standard.bbx
File: standard.bbx 2024/03/21 v3.20 biblatex bibliography style (PK/MW)
\c@bbx:relatedcount=\count433
\c@bbx:relatedtotal=\count434
))
Package biblatex Info: Trying to load citation style 'numeric'...
Package biblatex Info: ... file 'numeric.cbx' found.

(/usr/local/texlive/2025/texmf-dist/tex/latex/biblatex/cbx/numeric.cbx
File: numeric.cbx 2024/03/21 v3.20 biblatex citation style (PK/MW)
Package biblatex Info: Redefining '\cite'.
Package biblatex Info: Redefining '\parencite'.
Package biblatex Info: Redefining '\footcite'.
Package biblatex Info: Redefining '\footcitetext'.
Package biblatex Info: Redefining '\smartcite'.
Package biblatex Info: Redefining '\supercite'.
Package biblatex Info: Redefining '\textcite'.
Package biblatex Info: Redefining '\textcites'.
Package biblatex Info: Redefining '\cites'.
Package biblatex Info: Redefining '\parencites'.
Package biblatex Info: Redefining '\smartcites'.
)
Package biblatex Info: Trying to load configuration file...
Package biblatex Info: ... file 'biblatex.cfg' found.

(/usr/local/texlive/2025/texmf-dist/tex/latex/biblatex/biblatex.cfg
File: biblatex.cfg 
)
Package biblatex Info: Input encoding 'utf8' detected.
Package biblatex Info: Document encoding is UTF8 ....
Package biblatex Info: ... and expl3
(biblatex)             2025-01-18 L3 programming layer (loader) 
(biblatex)             is new enough (at least 2020/04/06),
(biblatex)             setting 'casechanger=expl3'.

(/usr/local/texlive/2025/texmf-dist/tex/latex/biblatex/blx-case-expl3.sty
Package: blx-case-expl3 2024/03/21 v3.20 expl3 case changing code for biblatex
))
(/usr/local/texlive/2025/texmf-dist/tex/latex/csquotes/csquotes.sty
Package: csquotes 2024-04-04 v5.2o context-sensitive quotations (JAW)
\csq@reset=\count435
\csq@gtype=\count436
\csq@glevel=\count437
\csq@qlevel=\count438
\csq@maxlvl=\count439
\csq@tshold=\count440
\csq@ltx@everypar=\toks25

(/usr/local/texlive/2025/texmf-dist/tex/latex/csquotes/csquotes.def
File: csquotes.def 2024-04-04 v5.2o csquotes generic definitions (JAW)
)
Package csquotes Info: Trying to load configuration file 'csquotes.cfg'...
Package csquotes Info: ... configuration file loaded successfully.

(/usr/local/texlive/2025/texmf-dist/tex/latex/csquotes/csquotes.cfg
File: csquotes.cfg 
)
Package csquotes Info: Enabling multilingual quotes.
)
(/usr/local/texlive/2025/texmf-dist/tex/latex/xcolor/xcolor.sty
Package: xcolor 2024/09/29 v3.02 LaTeX color extensions (UK)

(/usr/local/texlive/2025/texmf-dist/tex/latex/graphics-cfg/color.cfg
File: color.cfg 2016/01/02 v1.6 sample color configuration
)
Package xcolor Info: Driver file: pdftex.def on input line 274.

(/usr/local/texlive/2025/texmf-dist/tex/latex/graphics/mathcolor.ltx)
Package xcolor Info: Model `cmy' substituted by `cmy0' on input line 1349.
Package xcolor Info: Model `hsb' substituted by `rgb' on input line 1353.
Package xcolor Info: Model `RGB' extended on input line 1365.
Package xcolor Info: Model `HTML' substituted by `rgb' on input line 1367.
Package xcolor Info: Model `Hsb' substituted by `hsb' on input line 1368.
Package xcolor Info: Model `tHsb' substituted by `hsb' on input line 1369.
Package xcolor Info: Model `HSB' substituted by `hsb' on input line 1370.
Package xcolor Info: Model `Gray' substituted by `gray' on input line 1371.
Package xcolor Info: Model `wave' substituted by `hsb' on input line 1372.
)
(/usr/local/texlive/2025/texmf-dist/tex/latex/caption/subcaption.sty
Package: subcaption 2023/07/28 v1.6b Sub-captions (AR)
Package caption Info: New subtype `subfigure' on input line 238.
\c@subfigure=\count441
Package caption Info: New subtype `subtable' on input line 238.
\c@subtable=\count442
)
(/usr/local/texlive/2025/texmf-dist/tex/latex/hyperref/hyperref.sty
Package: hyperref 2024-11-05 v7.01l Hypertext links for LaTeX

(/usr/local/texlive/2025/texmf-dist/tex/generic/kvdefinekeys/kvdefinekeys.sty
Package: kvdefinekeys 2019-12-19 v1.6 Define keys (HO)
)
(/usr/local/texlive/2025/texmf-dist/tex/generic/pdfescape/pdfescape.sty
Package: pdfescape 2019/12/09 v1.15 Implements pdfTeX's escape features (HO)
)
(/usr/local/texlive/2025/texmf-dist/tex/latex/hycolor/hycolor.sty
Package: hycolor 2020-01-27 v1.10 Color options for hyperref/bookmark (HO)
)
(/usr/local/texlive/2025/texmf-dist/tex/latex/hyperref/nameref.sty
Package: nameref 2023-11-26 v2.56 Cross-referencing by name of section

(/usr/local/texlive/2025/texmf-dist/tex/latex/refcount/refcount.sty
Package: refcount 2019/12/15 v3.6 Data extraction from label references (HO)
)
(/usr/local/texlive/2025/texmf-dist/tex/generic/gettitlestring/gettitlestring.s
ty
Package: gettitlestring 2019/12/15 v1.6 Cleanup title references (HO)
)
\c@section@level=\count443
) (/usr/local/texlive/2025/texmf-dist/tex/generic/stringenc/stringenc.sty
Package: stringenc 2019/11/29 v1.12 Convert strings between diff. encodings (HO
)
)
\@linkdim=\dimen179
\Hy@linkcounter=\count444
\Hy@pagecounter=\count445

(/usr/local/texlive/2025/texmf-dist/tex/latex/hyperref/pd1enc.def
File: pd1enc.def 2024-11-05 v7.01l Hyperref: PDFDocEncoding definition (HO)
Now handling font encoding PD1 ...
... no UTF-8 mapping file for font encoding PD1
)
(/usr/local/texlive/2025/texmf-dist/tex/generic/intcalc/intcalc.sty
Package: intcalc 2019/12/15 v1.3 Expandable calculations with integers (HO)
)
\Hy@SavedSpaceFactor=\count446

(/usr/local/texlive/2025/texmf-dist/tex/latex/hyperref/puenc.def
File: puenc.def 2024-11-05 v7.01l Hyperref: PDF Unicode definition (HO)
Now handling font encoding PU ...
... no UTF-8 mapping file for font encoding PU
)
Package hyperref Info: Option `bookmarks' set `true' on input line 4040.
Package hyperref Info: Option `unicode' set `true' on input line 4040.
Package hyperref Info: Option `pdftoolbar' set `true' on input line 4040.
Package hyperref Info: Option `pdfmenubar' set `true' on input line 4040.
Package hyperref Info: Option `pdffitwindow' set `false' on input line 4040.
Package hyperref Info: Option `colorlinks' set `true' on input line 4040.
Package hyperref Info: Option `bookmarks' set `true' on input line 4040.
Package hyperref Info: Option `unicode' set `false' on input line 4040.
Package hyperref Info: Option `pdftoolbar' set `true' on input line 4040.
Package hyperref Info: Option `pdfmenubar' set `true' on input line 4040.
Package hyperref Info: Option `pdffitwindow' set `false' on input line 4040.
Package hyperref Info: Option `colorlinks' set `true' on input line 4040.
Package hyperref Info: Hyper figures OFF on input line 4157.
Package hyperref Info: Link nesting OFF on input line 4162.
Package hyperref Info: Hyper index ON on input line 4165.
Package hyperref Info: Plain pages OFF on input line 4172.
Package hyperref Info: Backreferencing OFF on input line 4177.
Package hyperref Info: Implicit mode ON; LaTeX internals redefined.
Package hyperref Info: Bookmarks ON on input line 4424.
\c@Hy@tempcnt=\count447
LaTeX Info: Redefining \url on input line 4763.
\XeTeXLinkMargin=\dimen180

(/usr/local/texlive/2025/texmf-dist/tex/generic/bitset/bitset.sty
Package: bitset 2019/12/09 v1.3 Handle bit-vector datatype (HO)

(/usr/local/texlive/2025/texmf-dist/tex/generic/bigintcalc/bigintcalc.sty
Package: bigintcalc 2019/12/15 v1.5 Expandable calculations on big integers (HO
)
))
\Fld@menulength=\count448
\Field@Width=\dimen181
\Fld@charsize=\dimen182
Package hyperref Info: Hyper figures OFF on input line 6042.
Package hyperref Info: Link nesting OFF on input line 6047.
Package hyperref Info: Hyper index ON on input line 6050.
Package hyperref Info: backreferencing OFF on input line 6057.
Package hyperref Info: Link coloring ON on input line 6060.
Package hyperref Info: Link coloring with OCG OFF on input line 6067.
Package hyperref Info: PDF/A mode OFF on input line 6072.

(/usr/local/texlive/2025/texmf-dist/tex/latex/base/atbegshi-ltx.sty
Package: atbegshi-ltx 2021/01/10 v1.0c Emulation of the original atbegshi
package with kernel methods
)
\Hy@abspage=\count449
\c@Item=\count450
\c@Hfootnote=\count451
)
Package hyperref Info: Driver (autodetected): hpdftex.

(/usr/local/texlive/2025/texmf-dist/tex/latex/hyperref/hpdftex.def
File: hpdftex.def 2024-11-05 v7.01l Hyperref driver for pdfTeX

(/usr/local/texlive/2025/texmf-dist/tex/latex/base/atveryend-ltx.sty
Package: atveryend-ltx 2020/08/19 v1.0a Emulation of the original atveryend pac
kage
with kernel methods
)
\Fld@listcount=\count452
\c@bookmark@seq@number=\count453

(/usr/local/texlive/2025/texmf-dist/tex/latex/rerunfilecheck/rerunfilecheck.sty
Package: rerunfilecheck 2022-07-10 v1.10 Rerun checks for auxiliary files (HO)

(/usr/local/texlive/2025/texmf-dist/tex/generic/uniquecounter/uniquecounter.sty
Package: uniquecounter 2019/12/15 v1.4 Provide unlimited unique counter (HO)
)
Package uniquecounter Info: New unique counter `rerunfilecheck' on input line 2
85.
)
\Hy@SectionHShift=\skip79
) (/usr/local/texlive/2025/texmf-dist/tex/latex/geometry/geometry.sty
Package: geometry 2020/01/02 v5.9 Page Geometry

(/usr/local/texlive/2025/texmf-dist/tex/generic/iftex/ifvtex.sty
Package: ifvtex 2019/10/25 v1.7 ifvtex legacy package. Use iftex instead.
)
\Gm@cnth=\count454
\Gm@cntv=\count455
\c@Gm@tempcnt=\count456
\Gm@bindingoffset=\dimen183
\Gm@wd@mp=\dimen184
\Gm@odd@mp=\dimen185
\Gm@even@mp=\dimen186
\Gm@layoutwidth=\dimen187
\Gm@layoutheight=\dimen188
\Gm@layouthoffset=\dimen189
\Gm@layoutvoffset=\dimen190
\Gm@dimlist=\toks26
)
(/usr/local/texlive/2025/texmf-dist/tex/latex/koma-script/scrlayer-scrpage.sty
Package: scrlayer-scrpage 2024/10/24 v3.43 KOMA-Script package (end user interf
ace for scrlayer)

(/usr/local/texlive/2025/texmf-dist/tex/latex/koma-script/scrlayer.sty
Package: scrlayer 2024/10/24 v3.43 KOMA-Script package (defining layers and pag
e styles)

(/usr/local/texlive/2025/texmf-dist/tex/latex/koma-script/scrkbase.sty
Package: scrkbase 2024/10/24 v3.43 KOMA-Script package (KOMA-Script-dependent b
asics and keyval usage)
)
\footheight=\skip80
Package scrlayer Info: patching LaTeX kernel macro \pagestyle on input line 218
2.
)
Package scrbase Info: Unknown processing state.
(scrbase)             Processing option `markcase=used'
(scrbase)             of member `.scrlayer-scrpage.sty' of family
(scrbase)             `KOMA' doesn't set
(scrbase)             a valid state. This will be interpreted
(scrbase)             as \FamilyKeyStateProcessed on input line 649.
))
(/usr/local/texlive/2025/texmf-dist/tex/latex/base/fontenc.sty
Package: fontenc 2021/04/29 v2.0v Standard LaTeX package
LaTeX Font Info:    Trying to load font information for T1+ppl on input line 11
6.

(/usr/local/texlive/2025/texmf-dist/tex/latex/psnfss/t1ppl.fd
File: t1ppl.fd 2001/06/04 font definitions for T1/ppl.
))
(/usr/local/texlive/2025/texmf-dist/tex/latex/eso-pic/eso-pic.sty
Package: eso-pic 2023/05/03 v3.0c eso-pic (RN)
\ESO@tempdima=\dimen191
\ESO@tempdimb=\dimen192
)
(/usr/local/texlive/2025/texmf-dist/tex/latex/float/float.sty
Package: float 2001/11/08 v1.3d Float enhancements (AL)
\c@float@type=\count457
\float@exts=\toks27
\float@box=\box70
\@float@everytoks=\toks28
\@floatcapt=\box71
)
(/usr/local/texlive/2025/texmf-dist/tex/latex/floatbytocbasic/floatbytocbasic.s
ty
Package: floatbytocbasic 2023-08-16 v1.0 improved float package using tocbasic
 (/usr/local/texlive/2025/texmf-dist/tex/latex/koma-script/tocbasic.sty
Package: tocbasic 2024/10/24 v3.43 KOMA-Script package (handling toc-files)
\scr@dte@tocline@numberwidth=\skip81
\scr@dte@tocline@numbox=\box72
)
(/usr/local/texlive/2025/texmf-dist/tex/latex/xpatch/xpatch.sty
Package: xpatch 2020/03/25 v0.3a Extending etoolbox patching commands
))
(/usr/local/texlive/2025/texmf-dist/tex/latex/comment/comment.sty
\CommentStream=\write4

Excluding comment 'comment')
(/usr/local/texlive/2025/texmf-dist/tex/latex/seqsplit/seqsplit.sty
Package: seqsplit 2006/08/07 v0.1 Splitting long sequences (DNA, RNA, proteins,
 etc.) 
)
(/usr/local/texlive/2025/texmf-dist/tex/latex/hyphenat/hyphenat.sty
Package: hyphenat 2009/09/02 v2.3c hyphenation utilities


Package hyphenat Warning: *******************************
(hyphenat)                * You have used the htt option.
(hyphenat)                * You are likely to get many Font Warning messages.
(hyphenat)                * These can usually be ignored.
(hyphenat)                *******************************.

\langwohyphens=\language92
LaTeX Info: Redefining \_ on input line 43.
) (/usr/local/texlive/2025/texmf-dist/tex/latex/multirow/multirow.sty
Package: multirow 2024/11/12 v2.9 Span multiple rows of a table
\multirow@colwidth=\skip82
\multirow@cntb=\count458
\multirow@dima=\skip83
\bigstrutjot=\dimen193
)
Package hyperref Info: Option `unicode' set `true' on input line 50.
Package hyperref Info: Option `colorlinks' set `true' on input line 50.
Package csquotes Info: Checking for multilingual support...
Package csquotes Info: ... found 'babel' package.

(./memorianueva.aux (./portada.aux)
LaTeX Info: Redefining \. on input line 16.
LaTeX Info: Redefining \% on input line 16.
 (./Chapters/Chapter1.aux)
(./Chapters/Chapter2.aux) (./Chapters/Chapter3.aux) (./Chapters/Chapter4.aux

LaTeX Warning: Label `fig:working-state' multiply defined.

) (./Chapters/Chapter5.aux))
\openout1 = `memorianueva.aux'.

LaTeX Font Info:    Checking defaults for OML/cmm/m/it on input line 107.
LaTeX Font Info:    ... okay on input line 107.
LaTeX Font Info:    Checking defaults for OMS/cmsy/m/n on input line 107.
LaTeX Font Info:    ... okay on input line 107.
LaTeX Font Info:    Checking defaults for OT1/cmr/m/n on input line 107.
LaTeX Font Info:    ... okay on input line 107.
LaTeX Font Info:    Checking defaults for T1/cmr/m/n on input line 107.
LaTeX Font Info:    ... okay on input line 107.
LaTeX Font Info:    Checking defaults for TS1/cmr/m/n on input line 107.
LaTeX Font Info:    ... okay on input line 107.
LaTeX Font Info:    Checking defaults for OMX/cmex/m/n on input line 107.
LaTeX Font Info:    ... okay on input line 107.
LaTeX Font Info:    Checking defaults for U/cmr/m/n on input line 107.
LaTeX Font Info:    ... okay on input line 107.
LaTeX Font Info:    Checking defaults for PD1/pdf/m/n on input line 107.
LaTeX Font Info:    ... okay on input line 107.
LaTeX Font Info:    Checking defaults for PU/pdf/m/n on input line 107.
LaTeX Font Info:    ... okay on input line 107.
LaTeX Info: Redefining \. on input line 107.
LaTeX Info: Redefining \% on input line 107.

(/usr/local/texlive/2025/texmf-dist/tex/latex/translations/translations-basic-d
ictionary-spanish.trsl
File: translations-basic-dictionary-spanish.trsl (spanish translation file `tra
nslations-basic-dictionary')
)
Package translations Info: loading dictionary `translations-basic-dictionary' f
or `spanish'. on input line 107.

(/usr/local/texlive/2025/texmf-dist/tex/context/base/mkii/supp-pdf.mkii
[Loading MPS to PDF converter (version 2006.09.02).]
\scratchcounter=\count459
\scratchdimen=\dimen194
\scratchbox=\box73
\nofMPsegments=\count460
\nofMParguments=\count461
\everyMPshowfont=\toks29
\MPscratchCnt=\count462
\MPscratchDim=\dimen195
\MPnumerator=\count463
\makeMPintoPDFobject=\count464
\everyMPtoPDFconversion=\toks30
) (/usr/local/texlive/2025/texmf-dist/tex/latex/epstopdf-pkg/epstopdf-base.sty
Package: epstopdf-base 2020-01-24 v2.11 Base part for package epstopdf
Package epstopdf-base Info: Redefining graphics rule for `.eps' on input line 4
85.

(/usr/local/texlive/2025/texmf-dist/tex/latex/latexconfig/epstopdf-sys.cfg
File: epstopdf-sys.cfg 2010/07/13 v1.3 Configuration of (r)epstopdf for TeX Liv
e
))
Package caption Info: Begin \AtBeginDocument code.
Package caption Info: float package is loaded.
Package caption Info: hyperref package is loaded.
Package caption Info: listings package is loaded.
Package caption Info: End \AtBeginDocument code.
\c@lstlisting=\count465
Package tocbasic Info: setting babel extension for `lol' on input line 107.
Package biblatex Info: Trying to load language 'spanish'...
Package biblatex Info: ... file 'spanish.lbx' found.

(/usr/local/texlive/2025/texmf-dist/tex/latex/biblatex/lbx/spanish.lbx
File: spanish.lbx 2024/03/21 v3.20 biblatex localization (PK/MW)
)
Package biblatex Info: Input encoding 'utf8' detected.
Package biblatex Info: Automatic encoding selection.
(biblatex)             Assuming data encoding 'utf8'.
Package biblatex Info: Input encoding 'utf8' detected.
Package biblatex Info: Data encoding 'utf8' specified.
(biblatex)             No need to reencode data.
\openout3 = `memorianueva-blx.bib'.

Package biblatex Info: Trying to load bibliographic data...
Package biblatex Info: ... file 'memorianueva.bbl' found.

(./memorianueva.bbl)
Package biblatex Info: Reference section=0 on input line 107.
Package biblatex Info: Reference segment=0 on input line 107.
Package hyperref Info: Link coloring ON on input line 107.
 (./memorianueva.out) (./memorianueva.out)
\@outlinefile=\write5
\openout5 = `memorianueva.out'.

LaTeX Info: Redefining \sptext on input line 107.
LaTeX Info: Redefining \lsc on input line 107.
LaTeX Info: Redefining \. on input line 107.
LaTeX Info: Redefining \% on input line 107.
LaTeX Info: Redefining \dotlessi on input line 107.
Package scrbase Info: activating spanish \lstlistingname on input line 107.
LaTeX Info: Redefining \sptext on input line 107.
LaTeX Info: Redefining \lsc on input line 107.
LaTeX Info: Redefining \. on input line 107.
LaTeX Info: Redefining \% on input line 107.
LaTeX Info: Redefining \dotlessi on input line 107.
Package scrbase Info: activating spanish \acknowledgementname on input line 107
.
LaTeX Info: Redefining \sptext on input line 107.
LaTeX Info: Redefining \lsc on input line 107.
LaTeX Info: Redefining \. on input line 107.
LaTeX Info: Redefining \% on input line 107.
LaTeX Info: Redefining \dotlessi on input line 107.
Package scrbase Info: activating spanish \authorshipname on input line 107.
LaTeX Info: Redefining \sptext on input line 107.
LaTeX Info: Redefining \lsc on input line 107.
LaTeX Info: Redefining \. on input line 107.
LaTeX Info: Redefining \% on input line 107.
LaTeX Info: Redefining \dotlessi on input line 107.
Package scrbase Info: activating spanish \abbrevname on input line 107.
LaTeX Info: Redefining \sptext on input line 107.
LaTeX Info: Redefining \lsc on input line 107.
LaTeX Info: Redefining \. on input line 107.
LaTeX Info: Redefining \% on input line 107.
LaTeX Info: Redefining \dotlessi on input line 107.
Package scrbase Info: activating spanish \byname on input line 107.

*geometry* driver: auto-detecting
*geometry* detected driver: pdftex
*geometry* verbose mode - [ preamble ] result:
* driver: pdftex
* paper: a4paper
* layout: <same size as paper>
* layoutoffset:(h,v)=(0.0pt,0.0pt)
* bindingoffset: 56.9055pt
* modes: includehead includefoot twoside 
* h-part:(L,W,R)=(56.9055pt, 389.80269pt, 93.89418pt)
* v-part:(T,H,B)=(42.67912pt, 759.6886pt, 42.67912pt)
* \paperwidth=597.50787pt
* \paperheight=845.04684pt
* \textwidth=389.80269pt
* \textheight=693.49821pt
* \oddsidemargin=41.54102pt
* \evensidemargin=21.62419pt
* \topmargin=-29.59087pt
* \headheight=18.85364pt
* \headsep=19.8738pt
* \topskip=11.0pt
* \footskip=27.46295pt
* \marginparwidth=116.0pt
* \marginparsep=7.0pt
* \columnsep=10.0pt
* \skip\footins=10.0pt plus 4.0pt minus 2.0pt
* \hoffset=0.0pt
* \voffset=0.0pt
* \mag=1000
* \@twocolumnfalse
* \@twosidetrue
* \@mparswitchtrue
* \@reversemarginfalse
* (1in=72.27pt=25.4mm, 1cm=28.453pt)

LaTeX Font Info:    Trying to load font information for T1+pcr on input line 10
7.
(/usr/local/texlive/2025/texmf-dist/tex/latex/psnfss/t1pcr.fd
File: t1pcr.fd 2001/06/04 font definitions for T1/pcr.
)
LaTeX Font Info:    Font shape `T1/pcr/m/it' in size <10.95> not available
(Font)              Font shape `T1/pcr/m/sl' tried instead on input line 107.


LaTeX Font Warning: Font shape `T1/pcr/m/scsl' undefined
(Font)              using `T1/pcr/m/sc' instead on input line 107.

LaTeX Font Info:    Font shape `T1/pcr/b/it' in size <10.95> not available
(Font)              Font shape `T1/pcr/b/sl' tried instead on input line 107.

LaTeX Font Warning: Font shape `T1/pcr/b/scsl' undefined
(Font)              using `T1/pcr/b/sc' instead on input line 107.

LaTeX Font Info:    Font shape `T1/pcr/bx/n' in size <10.95> not available
(Font)              Font shape `T1/pcr/b/n' tried instead on input line 107.
LaTeX Font Info:    Font shape `T1/pcr/bx/it' in size <10.95> not available
(Font)              Font shape `T1/pcr/b/it' tried instead on input line 107.
LaTeX Font Info:    Font shape `T1/pcr/b/it' in size <10.95> not available
(Font)              Font shape `T1/pcr/b/sl' tried instead on input line 107.
LaTeX Font Info:    Font shape `T1/pcr/bx/sl' in size <10.95> not available
(Font)              Font shape `T1/pcr/b/sl' tried instead on input line 107.

LaTeX Font Warning: Font shape `T1/pcr/bx/scsl' undefined
(Font)              using `T1/pcr/bx/sc' instead on input line 107.

LaTeX Font Info:    Font shape `T1/pcr/bx/sc' in size <10.95> not available
(Font)              Font shape `T1/pcr/b/sc' tried instead on input line 107.

LaTeX Font Warning: Font shape `T1/pcr/sbx/sc' undefined
(Font)              using `T1/pcr/sb/sc' instead on input line 107.


LaTeX Font Warning: Font shape `T1/pcr/sb/n' undefined
(Font)              using `T1/pcr/m/n' instead on input line 107.


LaTeX Font Warning: Font shape `T1/pcr/sb/it' undefined
(Font)              using `T1/pcr/sb/n' instead on input line 107.


LaTeX Font Warning: Font shape `T1/pcr/sb/sl' undefined
(Font)              using `T1/pcr/sb/it' instead on input line 107.


LaTeX Font Warning: Font shape `T1/pcr/sb/scit' undefined
(Font)              using `T1/pcr/sb/sc' instead on input line 107.


LaTeX Font Warning: Font shape `T1/pcr/sb/sc' undefined
(Font)              using `T1/pcr/sb/n' instead on input line 107.


LaTeX Font Warning: Font shape `T1/pcr/sbc/sc' undefined
(Font)              using `T1/pcr/c/sc' instead on input line 107.


LaTeX Font Warning: Font shape `T1/pcr/c/n' undefined
(Font)              using `T1/pcr/m/n' instead on input line 107.


LaTeX Font Warning: Font shape `T1/pcr/c/it' undefined
(Font)              using `T1/pcr/c/n' instead on input line 107.


LaTeX Font Warning: Font shape `T1/pcr/c/sl' undefined
(Font)              using `T1/pcr/c/it' instead on input line 107.


LaTeX Font Warning: Font shape `T1/pcr/c/scit' undefined
(Font)              using `T1/pcr/c/sc' instead on input line 107.


LaTeX Font Warning: Font shape `T1/pcr/c/sc' undefined
(Font)              using `T1/pcr/c/n' instead on input line 107.


LaTeX Font Warning: Font shape `T1/pcr/lc/sc' undefined
(Font)              using `T1/pcr/l/sc' instead on input line 107.


LaTeX Font Warning: Font shape `T1/pcr/l/n' undefined
(Font)              using `T1/pcr/m/n' instead on input line 107.


LaTeX Font Warning: Font shape `T1/pcr/l/it' undefined
(Font)              using `T1/pcr/l/n' instead on input line 107.


LaTeX Font Warning: Font shape `T1/pcr/l/sl' undefined
(Font)              using `T1/pcr/l/it' instead on input line 107.


LaTeX Font Warning: Font shape `T1/pcr/l/scit' undefined
(Font)              using `T1/pcr/l/sc' instead on input line 107.


LaTeX Font Warning: Font shape `T1/pcr/l/sc' undefined
(Font)              using `T1/pcr/l/n' instead on input line 107.


LaTeX Font Warning: Font shape `T1/pcr/m/ui' undefined
(Font)              using `T1/pcr/m/n' instead on input line 107.


LaTeX Font Warning: Font shape `T1/pcr/bx/ui' undefined
(Font)              using `T1/pcr/bx/n' instead on input line 107.


LaTeX Font Warning: Font shape `T1/pcr/m/In' undefined
(Font)              using `T1/pcr/m/n' instead on input line 107.

\openout2 = `portada.aux'.

(./portada.tex
LaTeX Font Info:    Trying to load font information for T1+phv on input line 14
.
 (/usr/local/texlive/2025/texmf-dist/tex/latex/psnfss/t1phv.fd
File: t1phv.fd 2020/03/25 scalable font definitions for T1/phv.
)
LaTeX Font Info:    Font shape `T1/phv/m/it' in size <10.95> not available
(Font)              Font shape `T1/phv/m/sl' tried instead on input line 48.
LaTeX Font Info:    Font shape `T1/phv/m/it' in size <10> not available
(Font)              Font shape `T1/phv/m/sl' tried instead on input line 48.


<Figures/fondo.pdf, id=289, 597.55246pt x 845.07718pt>
File: Figures/fondo.pdf Graphic file (type pdf)
<use Figures/fondo.pdf>
Package pdftex.def Info: Figures/fondo.pdf  used on input line 51.
(pdftex.def)             Requested size: 597.551pt x 845.04932pt.
[1



{/usr/local/texlive/2025/texmf-var/fonts/map/pdftex/updmap/pdftex.map}{/usr/loc
al/texlive/2025/texmf-dist/fonts/enc/dvips/base/8r.enc} <./Figures/fondo.pdf>])


[2



]
--------------------
 Resumen
--------------------
LaTeX Font Info:    External font `cmex10' loaded for size
(Font)              <10.95> on input line 126.
LaTeX Font Info:    External font `cmex10' loaded for size
(Font)              <8> on input line 126.
LaTeX Font Info:    External font `cmex10' loaded for size
(Font)              <6> on input line 126.


[1

]

[2

]
--------------------
 Agradecimientos
--------------------


[3]

[4

] (./memorianueva.toc
LaTeX Info: Redefining \sptext on input line 1.
LaTeX Info: Redefining \. on input line 1.
LaTeX Info: Redefining \% on input line 1.


[5])
\tf@toc=\write6
\openout6 = `memorianueva.toc'.



[6] (./memorianueva.lof
LaTeX Info: Redefining \sptext on input line 1.
LaTeX Info: Redefining \. on input line 1.
LaTeX Info: Redefining \% on input line 1.
)
\tf@lof=\write7
\openout7 = `memorianueva.lof'.



[7

]

[8

] (./memorianueva.lot
LaTeX Info: Redefining \sptext on input line 1.
LaTeX Info: Redefining \. on input line 1.
LaTeX Info: Redefining \% on input line 1.
)
\tf@lot=\write8
\openout8 = `memorianueva.lot'.



[9]

[10

]
--------------------
 Dedicatory
--------------------


[11]

[12

]
\openout2 = `Chapters/Chapter1.aux'.

 (./Chapters/Chapter1.tex
Cap\'{\i }tulo 1.



pdfTeX warning (ext4): destination with the same identifier (name{page.1}) has 
been already used, duplicate ignored
<to be read again> 
                   \relax 
l.29 
      [1


]

LaTeX Info: Redefining \. on input line 42.
LaTeX Info: Redefining \% on input line 42.

pdfTeX warning (ext4): destination with the same identifier (name{page.2}) has 
been already used, duplicate ignored
<to be read again> 
                   \relax 
l.42 
      [2]

LaTeX Info: Redefining \. on input line 69.
LaTeX Info: Redefining \% on input line 69.
[3])

LaTeX Info: Redefining \. on input line 165.
LaTeX Info: Redefining \% on input line 165.
[4]

LaTeX Info: Redefining \. on input line 165.
LaTeX Info: Redefining \% on input line 165.
[5]
\openout2 = `Chapters/Chapter2.aux'.

 (./Chapters/Chapter2.tex

[6




]
Cap\'{\i }tulo 2.


[7]

LaTeX Info: Redefining \. on input line 42.
LaTeX Info: Redefining \% on input line 42.
[8]

LaTeX Info: Redefining \. on input line 56.
LaTeX Info: Redefining \% on input line 56.
[9] (./tablas_metricas.tex))

LaTeX Info: Redefining \. on input line 166.
LaTeX Info: Redefining \% on input line 166.
[10]
\openout2 = `Chapters/Chapter3.aux'.

 (./Chapters/Chapter3.tex
Cap\'{\i }tulo 3.
(/usr/local/texlive/2025/texmf-dist/tex/latex/listings/lstlang1.sty
File: lstlang1.sty 2024/09/23 1.10c listings language file
)
(/usr/local/texlive/2025/texmf-dist/tex/latex/listings/lstmisc.sty
File: lstmisc.sty 2024/09/23 1.10c (Carsten Heinz)
)

[11




]
<./Figures/diagrama-de-componentes-1.png, id=626, 1020.9342pt x 949.8687pt>
File: ./Figures/diagrama-de-componentes-1.png Graphic file (type png)
<use ./Figures/diagrama-de-componentes-1.png>
Package pdftex.def Info: ./Figures/diagrama-de-componentes-1.png  used on input
 line 63.
(pdftex.def)             Requested size: 389.80269pt x 362.66412pt.


LaTeX Info: Redefining \. on input line 69.
LaTeX Info: Redefining \% on input line 69.
[12 <./Figures/diagrama-de-componentes-1.png>]
<./Figures/pipeline-transaccion.png, id=635, 682.04813pt x 731.73375pt>
File: ./Figures/pipeline-transaccion.png Graphic file (type png)
<use ./Figures/pipeline-transaccion.png>
Package pdftex.def Info: ./Figures/pipeline-transaccion.png  used on input line
 74.
(pdftex.def)             Requested size: 389.80269pt x 418.19794pt.


LaTeX Info: Redefining \. on input line 83.
LaTeX Info: Redefining \% on input line 83.
[13 <./Figures/pipeline-transaccion.png>]

LaTeX Info: Redefining \. on input line 117.
LaTeX Info: Redefining \% on input line 117.
[14]

LaTeX Info: Redefining \. on input line 149.
LaTeX Info: Redefining \% on input line 149.
[15]

LaTeX Info: Redefining \. on input line 168.
LaTeX Info: Redefining \% on input line 168.
[16]

LaTeX Info: Redefining \. on input line 190.
LaTeX Info: Redefining \% on input line 190.
[17]

LaTeX Info: Redefining \. on input line 225.
LaTeX Info: Redefining \% on input line 225.
[18]

LaTeX Info: Redefining \. on input line 244.
LaTeX Info: Redefining \% on input line 244.
[19]
Underfull \hbox (badness 10000) in paragraph at lines 283--283
[]|\T1/ppl/m/n/10.95 Fachada prin-ci-
 []


Overfull \hbox (8.07872pt too wide) in paragraph at lines 283--283
[]|[]
 []


Underfull \hbox (badness 10000) in paragraph at lines 283--283
[]|\T1/ppl/m/n/10.95 Reconocimiento
 []


Underfull \hbox (badness 10000) in paragraph at lines 283--283
[]|\T1/ppl/m/n/10.95 Normalización
 []


Underfull \hbox (badness 10000) in paragraph at lines 283--283
[]|\T1/ppl/m/n/10.95 Procesamiento
 []


Underfull \hbox (badness 10000) in paragraph at lines 283--283
[]|[]
 []



LaTeX Info: Redefining \. on input line 298.
LaTeX Info: Redefining \% on input line 298.
[20]
Overfull \hbox (3.41293pt too wide) in paragraph at lines 303--304
\T1/ppl/m/n/10.95 au-dio a ser-vi-do-res ex-ter-nos. Adi-cio-nal-men-te, la pro
-pie-dad \T1/pcr/l/it/10.95 con-tex-tualStrings
 []


Overfull \hbox (5.18199pt too wide) in paragraph at lines 303--304
\T1/ppl/m/n/10.95 pro-por-cio-na un vo-ca-bu-la-rio de re-fuer-zo del do-mi-nio
 fi-nan-cie-ro (\T1/pcr/l/it/10.95 transferencia\T1/ppl/m/n/10.95 ,
 []



LaTeX Info: Redefining \. on input line 314.
LaTeX Info: Redefining \% on input line 314.
[21]

LaTeX Info: Redefining \. on input line 349.
LaTeX Info: Redefining \% on input line 349.
[22]
<./Figures/diagrama-secuencia.png, id=719, 3672.72125pt x 3398.6975pt>
File: ./Figures/diagrama-secuencia.png Graphic file (type png)
<use ./Figures/diagrama-secuencia.png>
Package pdftex.def Info: ./Figures/diagrama-secuencia.png  used on input line 3
54.
(pdftex.def)             Requested size: 389.80269pt x 360.68547pt.

Underfull \hbox (badness 4279) in paragraph at lines 355--355
 []\T1/ppl/m/sc/10 Figura 3.3. |\T1/ppl/m/n/10 Dia-gra-ma de se-cuen-cia del pr
o-to-co-lo \T1/pcr/m/n/10 Aurum 
 []



LaTeX Info: Redefining \. on input line 369.
LaTeX Info: Redefining \% on input line 369.
[23 <./Figures/diagrama-secuencia.png>]
Overfull \hbox (4.59152pt too wide) in paragraph at lines 372--373
\T1/ppl/m/n/10.95 ple-men-ta en-la-ce de da-tos reac-ti-vo me-dian-te \T1/pcr/l
/it/10.95 Ob-ser-va-bleObject \T1/ppl/m/n/10.95 y \T1/pcr/l/it/10.95 @Pu-blishe
d\T1/ppl/m/n/10.95 :
 []



LaTeX Info: Redefining \. on input line 387.
LaTeX Info: Redefining \% on input line 387.
[24]

LaTeX Info: Redefining \. on input line 404.
LaTeX Info: Redefining \% on input line 404.
[25]
<./Figures/diagrama-flujo-aurum.png, id=745, 2879.75874pt x 3998.94pt>
File: ./Figures/diagrama-flujo-aurum.png Graphic file (type png)
<use ./Figures/diagrama-flujo-aurum.png>
Package pdftex.def Info: ./Figures/diagrama-flujo-aurum.png  used on input line
 409.
(pdftex.def)             Requested size: 331.33466pt x 460.082pt.
)

LaTeX Info: Redefining \. on input line 167.
LaTeX Info: Redefining \% on input line 167.
[26 <./Figures/diagrama-flujo-aurum.png>]
\openout2 = `Chapters/Chapter4.aux'.

 (./Chapters/Chapter4.tex
Cap\'{\i }tulo 4.


[27




]
<./Figures/confusion-intenciones.png, id=757, 427.8384pt x 351.9549pt>
File: ./Figures/confusion-intenciones.png Graphic file (type png)
<use ./Figures/confusion-intenciones.png>
Package pdftex.def Info: ./Figures/confusion-intenciones.png  used on input lin
e 58.
(pdftex.def)             Requested size: 292.352pt x 240.50764pt.

Overfull \hbox (3.14664pt too wide) in paragraph at lines 72--78
\T1/pcr/l/it/10.95 MONTO\T1/ppl/m/n/10.95 , \T1/pcr/l/it/10.95 B-MONEDA\T1/ppl/
m/n/10.95 , \T1/pcr/l/it/10.95 I-MONEDA\T1/ppl/m/n/10.95 , \T1/pcr/l/it/10.95 B
-DESTINATARIO\T1/ppl/m/n/10.95 , \T1/pcr/l/it/10.95 I-DESTINATARIO \T1/ppl/m/n/
10.95 y \T1/pcr/l/it/10.95 O \T1/ppl/m/n/10.95 (\T1/ppl/m/it/10.95 Outsi-
 []



LaTeX Info: Redefining \. on input line 109.
LaTeX Info: Redefining \% on input line 109.
[28 <./Figures/confusion-intenciones.png>]

LaTeX Info: Redefining \. on input line 156.
LaTeX Info: Redefining \% on input line 156.
[29]

LaTeX Info: Redefining \. on input line 186.
LaTeX Info: Redefining \% on input line 186.
[30]
Overfull \hbox (3.41583pt too wide) in paragraph at lines 191--193
\T1/ppl/m/n/10.95 les del ha-bla ar-gen-ti-na co-ti-dia-na. Ejem-plo: \T1/pcr/l
/it/10.95 man-da-le lu-cas a Pe-dro\T1/ppl/m/n/10.95 , \T1/pcr/l/it/10.95 pa-
 []


Overfull \hbox (3.7406pt too wide) in paragraph at lines 203--206
\T1/pcr/l/it/10.95 dos lu-ca a  el gor-do pe-rez\T1/ppl/m/n/10.95 , \T1/pcr/l/i
t/10.95 pa-sa-le sin-co lu-cas en ver-de a
 []



LaTeX Info: Redefining \. on input line 253.
LaTeX Info: Redefining \% on input line 253.
[31]

LaTeX Info: Redefining \. on input line 301.
LaTeX Info: Redefining \% on input line 301.
[32]

LaTeX Info: Redefining \. on input line 336.
LaTeX Info: Redefining \% on input line 336.
[33]
Overfull \hbox (1.64938pt too wide) in paragraph at lines 356--357
[]\T1/ppl/m/n/10.95 T1 --- Trans-fe-ren-cia es-tán-dar: \T1/pcr/l/it/10.95 Tran
s-fe-rir qui-nien-tos pe-sos a Juan
 []



LaTeX Info: Redefining \. on input line 380.
LaTeX Info: Redefining \% on input line 380.
[34]
<./Figures/screenshots/solicitud-permiso-microfono.PNG, id=809, 1129.21875pt x 
2445.135pt>
File: ./Figures/screenshots/solicitud-permiso-microfono.PNG Graphic file (type 
png)
<use ./Figures/screenshots/solicitud-permiso-microfono.PNG>
Package pdftex.def Info: ./Figures/screenshots/solicitud-permiso-microfono.PNG 
 used on input line 389.
(pdftex.def)             Requested size: 185.15567pt x 400.8928pt.
<./Figures/screenshots/solicitud-permiso-reconocimiento-voz.PNG, id=810, 1129.2
1875pt x 2445.135pt>
File: ./Figures/screenshots/solicitud-permiso-reconocimiento-voz.PNG Graphic fi
le (type png)
<use ./Figures/screenshots/solicitud-permiso-reconocimiento-voz.PNG>
Package pdftex.def Info: ./Figures/screenshots/solicitud-permiso-reconocimiento
-voz.PNG  used on input line 396.
(pdftex.def)             Requested size: 185.15567pt x 400.8928pt.

Overfull \hbox (2.08049pt too wide) in paragraph at lines 387--400
[][]  [] 
 []



LaTeX Info: Redefining \. on input line 414.
LaTeX Info: Redefining \% on input line 414.
[35 <./Figures/screenshots/solicitud-permiso-microfono.PNG> <./Figures/screensh
ots/solicitud-permiso-reconocimiento-voz.PNG>]
<./Figures/screenshots/home-app-base.PNG, id=819, 1129.21875pt x 2445.135pt>
File: ./Figures/screenshots/home-app-base.PNG Graphic file (type png)
<use ./Figures/screenshots/home-app-base.PNG>
Package pdftex.def Info: ./Figures/screenshots/home-app-base.PNG  used on input
 line 420.
(pdftex.def)             Requested size: 105.24707pt x 227.8877pt.

Underfull \hbox (badness 6944) in paragraph at lines 421--421
 \T1/ppl/m/n/9 apli-ca-ción ba-se en es-ta-do 
 []

<./Figures/screenshots/transcripcion-dictado.PNG, id=820, 1129.21875pt x 2445.1
35pt>
File: ./Figures/screenshots/transcripcion-dictado.PNG Graphic file (type png)
<use ./Figures/screenshots/transcripcion-dictado.PNG>
Package pdftex.def Info: ./Figures/screenshots/transcripcion-dictado.PNG  used 
on input line 427.
(pdftex.def)             Requested size: 105.24707pt x 227.8877pt.

Underfull \hbox (badness 10000) in paragraph at lines 428--428
 []\T1/ppl/m/sc/9 (b) |\T1/ppl/m/n/9 Es-ta-do \T1/pcr/m/n/9 listening\T1/ppl/m/
n/9 : 
 []


Underfull \hbox (badness 3039) in paragraph at lines 428--428
 \T1/ppl/m/n/9 La trans-crip-ción par-cial se 
 []

<./Figures/screenshots/procesamiento.PNG, id=821, 1129.21875pt x 2445.135pt>
File: ./Figures/screenshots/procesamiento.PNG Graphic file (type png)
<use ./Figures/screenshots/procesamiento.PNG>
Package pdftex.def Info: ./Figures/screenshots/procesamiento.PNG  used on input
 line 434.
(pdftex.def)             Requested size: 105.24707pt x 227.8877pt.


LaTeX Info: Redefining \. on input line 448.
LaTeX Info: Redefining \% on input line 448.
[36 <./Figures/screenshots/home-app-base.PNG> <./Figures/screenshots/transcripc
ion-dictado.PNG> <./Figures/screenshots/procesamiento.PNG>]
<./Figures/screenshots/intencion-confirmacion-transferencia.PNG, id=831, 1129.2
1875pt x 2445.135pt>
File: ./Figures/screenshots/intencion-confirmacion-transferencia.PNG Graphic fi
le (type png)
<use ./Figures/screenshots/intencion-confirmacion-transferencia.PNG>
Package pdftex.def Info: ./Figures/screenshots/intencion-confirmacion-transfere
ncia.PNG  used on input line 452.
(pdftex.def)             Requested size: 105.24707pt x 227.8877pt.
<./Figures/screenshots/intencion-consulta-saldo.PNG, id=832, 1129.21875pt x 244
5.135pt>
File: ./Figures/screenshots/intencion-consulta-saldo.PNG Graphic file (type png
)
<use ./Figures/screenshots/intencion-consulta-saldo.PNG>
Package pdftex.def Info: ./Figures/screenshots/intencion-consulta-saldo.PNG  us
ed on input line 459.
(pdftex.def)             Requested size: 105.24707pt x 227.8877pt.
<./Figures/screenshots/intencion-cancelar.PNG, id=833, 1129.21875pt x 2445.135p
t>
File: ./Figures/screenshots/intencion-cancelar.PNG Graphic file (type png)
<use ./Figures/screenshots/intencion-cancelar.PNG>
Package pdftex.def Info: ./Figures/screenshots/intencion-cancelar.PNG  used on 
input line 466.
(pdftex.def)             Requested size: 105.24707pt x 227.8877pt.

Underfull \hbox (badness 1436) in paragraph at lines 467--467
 []\T1/ppl/m/sc/9 (c) |\T1/ppl/m/n/9 Con-fir-ma-ción de in-ten- 
 []



LaTeX Info: Redefining \. on input line 487.
LaTeX Info: Redefining \% on input line 487.
[37 <./Figures/screenshots/intencion-confirmacion-transferencia.PNG> <./Figures
/screenshots/intencion-consulta-saldo.PNG> <./Figures/screenshots/intencion-can
celar.PNG>]

LaTeX Info: Redefining \. on input line 539.
LaTeX Info: Redefining \% on input line 539.
[38]

LaTeX Info: Redefining \. on input line 581.
LaTeX Info: Redefining \% on input line 581.
[39]

LaTeX Info: Redefining \. on input line 613.
LaTeX Info: Redefining \% on input line 613.
[40])

LaTeX Info: Redefining \. on input line 168.
LaTeX Info: Redefining \% on input line 168.
[41]
\openout2 = `Chapters/Chapter5.aux'.

 (./Chapters/Chapter5.tex

[42




]
Cap\'{\i }tulo 5.


[43]

LaTeX Info: Redefining \. on input line 59.
LaTeX Info: Redefining \% on input line 59.
[44])

LaTeX Info: Redefining \. on input line 169.
LaTeX Info: Redefining \% on input line 169.
[45]

[46



]
Overfull \hbox (17.49973pt too wide) in paragraph at lines 187--187
\T1/ppl/m/n/10.95 per Do-cu-men-ta-tion. 2025. \T1/ppl/m/sc/10.95 url\T1/ppl/m/
n/10.95 : [][]$https : / / developer . apple . com / documentation /
 []



[47]
Overfull \hbox (2.6412pt too wide) in paragraph at lines 187--187
[]\T1/ppl/m/n/10.95 Apple Inc. \T1/ppl/m/it/10.95 The Swift Pro-gram-ming Lan-g
ua-ge: Lan-gua-ge Gui-de\T1/ppl/m/n/10.95 . Vi-si-ta-do el 2026-
 []


Overfull \hbox (1.83105pt too wide) in paragraph at lines 187--187
[]\T1/ppl/m/n/10.95 Jeffrey L El-man. ^^S  Fin-ding struc-tu-re in ti-me^^T. En
: \T1/ppl/m/it/10.95 Cog-ni-ti-ve scien-ce \T1/ppl/m/n/10.95 14.2 (1990),
 []


Overfull \hbox (14.30664pt too wide) in paragraph at lines 187--187
[]\T1/ppl/m/n/10.95 Kyunghyun Cho et al. ^^S  Lear-ning Ph-ra-se Re-pre-sen-ta-
tions using RNN Encoder--
 []



LaTeX Info: Redefining \. on input line 187.
LaTeX Info: Redefining \% on input line 187.
[48]
Overfull \hbox (11.63483pt too wide) in paragraph at lines 187--187
[]\T1/ppl/m/n/10.95 Lance A Ramshaw y Mit-chell P Mar-cus. ^^S  Text chun-king 
using transformation-
 []


Overfull \hbox (0.20251pt too wide) in paragraph at lines 187--187
[]\T1/ppl/m/n/10.95 Jakob Niel-sen. \T1/ppl/m/it/10.95 Con-fir-ma-tion Dia-logs
 Can Pre-vent User Errors\T1/ppl/m/n/10.95 . 2018. \T1/ppl/m/sc/10.95 url\T1/pp
l/m/n/10.95 : [][]$https :
 []



LaTeX Info: Redefining \. on input line 187.
LaTeX Info: Redefining \% on input line 187.
[49]
Overfull \hbox (13.17114pt too wide) in paragraph at lines 187--187
[]\T1/ppl/m/n/10.95 Zhiqing Sun et al. ^^S  Mo-bi-le-BERT: a Com-pact Task-Agno
stic BERT for Resource-
 []



LaTeX Info: Redefining \. on input line 189.
LaTeX Info: Redefining \% on input line 189.
[50] (./memorianueva.aux (./portada.aux)
LaTeX Info: Redefining \sptext on input line 16.
LaTeX Info: Redefining \. on input line 16.
LaTeX Info: Redefining \% on input line 16.
 (./Chapters/Chapter1.aux)
(./Chapters/Chapter2.aux) (./Chapters/Chapter3.aux) (./Chapters/Chapter4.aux)
(./Chapters/Chapter5.aux))
 ***********
LaTeX2e <2024-11-01> patch level 2
L3 programming layer <2020/03/25>
 ***********


LaTeX Font Warning: Some font shapes were not available, defaults substituted.


LaTeX Warning: There were undefined references.


LaTeX Warning: There were multiply-defined labels.

Package rerunfilecheck Info: File `memorianueva.out' has not changed.
(rerunfilecheck)             Checksum: 258C113C247655B8574800529532B0DA;15496.

Package biblatex Warning: Please (re)run BibTeX on the file(s):
(biblatex)                memorianueva
(biblatex)                and rerun LaTeX afterwards.

Package logreq Info: Writing requests to 'memorianueva.run.xml'.
\openout1 = `memorianueva.run.xml'.

 ) 
Here is how much of TeX's memory you used:
 32726 strings out of 473190
 707241 string characters out of 5715800
 1478208 words of memory out of 5000000
 55330 multiletter control sequences out of 15000+600000
 623698 words of font info for 115 fonts, out of 8000000 for 9000
 1142 hyphenation exceptions out of 8191
 96i,21n,94p,1969b,2941s stack positions out of 10000i,1000n,20000p,200000b,200000s
</usr/local/texlive/2025/texmf-dist/fonts/type1/public/amsfonts/cm/cmmi10.pfb
></usr/local/texlive/2025/texmf-dist/fonts/type1/public/amsfonts/cm/cmr10.pfb><
/usr/local/texlive/2025/texmf-dist/fonts/type1/public/amsfonts/cm/cmr8.pfb></us
r/local/texlive/2025/texmf-dist/fonts/type1/public/amsfonts/cm/cmsy10.pfb></usr
/local/texlive/2025/texmf-dist/fonts/type1/urw/courier/ucrb8a.pfb></usr/local/t
exlive/2025/texmf-dist/fonts/type1/urw/courier/ucrr8a.pfb></usr/local/texlive/2
025/texmf-dist/fonts/type1/urw/helvetic/uhvb8a.pfb></usr/local/texlive/2025/tex
mf-dist/fonts/type1/urw/helvetic/uhvr8a.pfb></usr/local/texlive/2025/texmf-dist
/fonts/type1/urw/helvetic/uhvro8a.pfb></usr/local/texlive/2025/texmf-dist/fonts
/type1/urw/palatino/uplb8a.pfb></usr/local/texlive/2025/texmf-dist/fonts/type1/
urw/palatino/uplb8a.pfb></usr/local/texlive/2025/texmf-dist/fonts/type1/urw/pal
atino/uplbi8a.pfb></usr/local/texlive/2025/texmf-dist/fonts/type1/urw/palatino/
uplr8a.pfb></usr/local/texlive/2025/texmf-dist/fonts/type1/urw/palatino/uplr8a.
pfb></usr/local/texlive/2025/texmf-dist/fonts/type1/urw/palatino/uplri8a.pfb>
Output written on memorianueva.pdf (64 pages, 4093041 bytes).
PDF statistics:
 1095 PDF objects out of 1200 (max. 8388607)
 968 compressed objects within 10 object streams
 235 named destinations out of 1000 (max. 500000)
 639 words of extra memory for PDF output out of 10000 (max. 10000000)

